/home/igor/Leitor-de-pdf/src/main/java/ExceptionsLogs/AcessRejectedException.java
/home/igor/Leitor-de-pdf/src/main/java/ExceptionsLogs/ConnotIvokePathsException.java
/home/igor/Leitor-de-pdf/src/main/java/ExceptionsLogs/GlobalHelpLogException.java
/home/igor/Leitor-de-pdf/src/main/java/ExceptionsLogs/NotFoundNoSuchException.java
/home/igor/Leitor-de-pdf/src/main/java/ExceptionsLogs/NotFoundPathLogException.java
/home/igor/Leitor-de-pdf/src/main/java/ExceptionsLogs/ProcessInterruptedException.java
/home/igor/Leitor-de-pdf/src/main/java/OSEnums/LogSystemOSEnum.java
/home/igor/Leitor-de-pdf/src/main/java/OSEnums/PathsOsLogs.java
/home/igor/Leitor-de-pdf/src/main/java/com/example/leitorpdfwithgui20/Application.java
/home/igor/Leitor-de-pdf/src/main/java/com/example/leitorpdfwithgui20/Launcher.java
/home/igor/Leitor-de-pdf/src/main/java/com/example/leitorpdfwithgui20/PdfIgorController.java
/home/igor/Leitor-de-pdf/src/main/java/corePDfinter/corePDfInterface.java
/home/igor/Leitor-de-pdf/src/main/java/entity/PdfInfoClass.java
/home/igor/Leitor-de-pdf/src/main/java/entity/ReadPdfCore.java
/home/igor/Leitor-de-pdf/src/main/java/logClasses/LogEntry.java
/home/igor/Leitor-de-pdf/src/main/java/logClasses/MainLogClass.java
/home/igor/Leitor-de-pdf/src/main/java/logInterface/InterfaceLogs.java
/home/igor/Leitor-de-pdf/src/main/java/module-info.java
